{
  "choices": [
    {
      "content_filter_results": {
        "hate": {
          "filtered": false,
          "severity": "safe"
        },
        "self_harm": {
          "filtered": false,
          "severity": "safe"
        },
        "sexual": {
          "filtered": false,
          "severity": "safe"
        },
        "violence": {
          "filtered": false,
          "severity": "safe"
        }
      },
      "finish_reason": "stop",
      "index": 0,
      "logprobs": null,
      "message": {
        "annotations": [],
        "content": "Hello! I am an AI language model created by OpenAI, designed to assist with answering questions and providing information on a variety of topics. How can I help you today?",
        "refusal": null,
        "role": "assistant"
      }
    }
  ],
  "created": 1748632767,
  "id": "chatcmpl-BczYFLw3Dxjd5kNCvhRrHLqKEGNwt",
  "model": "gpt-4o-2024-05-13",
  "object": "chat.completion",
  "prompt_filter_results": [
    {
      "content_filter_results": {
        "hate": {
          "filtered": false,
          "severity": "safe"
        },
        "self_harm": {
          "filtered": false,
          "severity": "safe"
        },
        "sexual": {
          "filtered": false,
          "severity": "safe"
        },
        "violence": {
          "filtered": false,
          "severity": "safe"
        }
      },
      "prompt_index": 0
    }
  ],
  "system_fingerprint": "fp_ee1d74bde0",
  "usage": {
    "completion_tokens": 36,
    "completion_tokens_details": {
      "accepted_prediction_tokens": 0,
      "audio_tokens": 0,
      "reasoning_tokens": 0,
      "rejected_prediction_tokens": 0
    },
    "prompt_tokens": 23,
    "prompt_tokens_details": {
      "audio_tokens": 0,
      "cached_tokens": 0
    },
    "total_tokens": 59
  }
}